<!DOCTYPE html>
<html lang="en">
  <head>
    <meta charset="utf-8">
    <meta http-equiv="X-UA-Compatible" content="IE=edge">
    <meta name="viewport" content="width=device-width, initial-scale=1">

    <!-- For the googlbots -->
    <meta name="google" content="notranslate" />
    <meta name="robots" content="nofollow,noarchive">
    <meta name="google-site-verification" content="70mA8DYWvW-9YmfYurWHYB_LKgZvu0U6qSH2m6gam3U" />

    <title>Alexander Troshin</title>

    <link rel="stylesheet" href="https://cdnjs.cloudflare.com/ajax/libs/wingcss/0.1.9/wing.min.css" integrity="sha256-UTUdkh+mJUfPn/HYU29jLxo3qv9LvhUS3H/9T4jRlyg=" crossorigin="anonymous" />
    <link rel="stylesheet" href="/css/main.css" />

    <script src="https://cdnjs.cloudflare.com/ajax/libs/animejs/1.0.0/anime.min.js" integrity="sha256-tlizgIWWN/brco/5OCRRAnRqO0DQS7qKDJDW6IhwJQA=" crossorigin="anonymous"></script>
  </head>
  <body>
    <div class="load">
      <div class="line">Welcome to novium.pw boot.</div>
      <div class="line"><span class="ok">[  OK  ]</span> Reached target Remote File systems</div>
      <div class="line"><span class="ok">[  OK  ]</span> Listening on Syslog Socket</div>
      <div class="line"><span class="warn">[ Warn ]</span> Not yet a part of the React-ifying of the web</div>
<!-- // TODO
         parse_bootparam: Ignoring tag 0x1004
   lx60 platform_init(bootparams:d5f50000)
   Linux version 2.6.29-rc7 (pdelaney@pdelaney_fc5.hq.tensilica.com) (gcc version 4.2.1) #201 SMP Tue Nov 17 23:49:39 PST 2009
   lx60 platform_setup(cmdline[0]:'console=ttyS0,38400 ip=192.168.11.105:192.168.11.55:192.168.11.1:255.255.255.0:"HiFi-2 Demo" root=/dev/nfs rw nfsroot=192.168.11.55:/exports/LINUX_ROOT.HiFi-2 debug coredump_filter=0xff')
   smp_init_cpus: Core Count = 3
   smp_init_cpus: Core Id = 9320
   On node 0 totalpages: 24576
   free_area_init_node: node 0, pgdat d0196540, node_mem_map d01fa000
     Normal zone: 216 pages used for memmap
     Normal zone: 24360 pages, LIFO batch:3
   smp_prepare_boot_cpu:
   Built 1 zonelists in Zone order, mobility grouping on.  Total pages: 24360
   Kernel command line: console=ttyS0,38400 ip=192.168.11.105:192.168.11.55:192.168.11.1:255.255.255.0:"HiFi-2 Demo" root=/dev/nfs rw nfsroot=192.168.11.55:/exports/LINUX_ROOT.HiFi-2 debug coredump_filter=0xff
   trap_init 0
   PID hash table entries: 512 (order: 9, 2048 bytes)
   time_init: Platform Calibrating CPU frequency
   time_init: ccount_per_jiffy:416777 [41.67 MHz], nsec_per_ccount:23
   Console: colour dummy device 80x25
   console [ttyS0] enabled
   Dentry cache hash table entries: 16384 (order: 4, 65536 bytes)
   Inode-cache hash table entries: 8192 (order: 3, 32768 bytes)
   Memory: 95196k/98304k available (1229k kernel code, 3040k reserved, 28k data, 72k init 0k highmem)
   Calibrating delay loop... 41.26 BogoMIPS (lpj=206336)
   Mount-cache hash table entries: 512
   cpu 1 fffd
   secondary_trap_init 1
   Calibrating delay loop... 41.67 BogoMIPS (lpj=208384)
   secondary_irq_init: set cached_irq_mask and enable interrupts))
   secondary_time_init()
   secondary_irq_enable(intrnum:6): cpu:1, INTENABLE:7c
   secondary_irq_enable(intrnum:0): cpu:1, INTENABLE:7d
   cpu 2 fff9
   secondary_trap_init 2
   Calibrating delay loop... 41.57 BogoMIPS (lpj=207872)
   secondary_irq_init: set cached_irq_mask and enable interrupts))
   secondary_time_init()
   secondary_irq_enable(intrnum:6): cpu:2, INTENABLE:7c
   secondary_irq_enable(intrnum:0): cpu:2, INTENABLE:7d
   Brought up 3 CPUs
   smp_cpus_done:
   net_namespace: 304 bytes
   NET: Registered protocol family 16
   lx60_init()
   bio: create slab <bio-0> at 0
   NET: Registered protocol family 2
   IP route cache hash table entries: 1024 (order: 0, 4096 bytes)
   TCP established hash table entries: 4096 (order: 3, 32768 bytes)
   TCP bind hash table entries: 4096 (order: 3, 32768 bytes)
   TCP: Hash tables configured (established 4096 bind 4096)

   -->
    </div>
    
    <div class="main">
    </div>